12:47:45 **** Incremental Build of configuration Debug for project Master_H743_Ver_1 ****
make -j8 all 
arm-none-eabi-gcc "../Core/Src/main.c" -mcpu=cortex-m7 -std=gnu11 -g3 -DDEBUG -DUSE_PWR_LDO_SUPPLY -DUSE_HAL_DRIVER -DSTM32H743xx -c -I../Core/Inc -I../Drivers/STM32H7xx_HAL_Driver/Inc -I../Drivers/STM32H7xx_HAL_Driver/Inc/Legacy -I../Drivers/CMSIS/Device/ST/STM32H7xx/Include -I../Drivers/CMSIS/Include -O0 -ffunction-sections -fdata-sections -Wall -fstack-usage -fcyclomatic-complexity -MMD -MP -MF"Core/Src/main.d" -MT"Core/Src/main.o" --specs=nano.specs -mfpu=fpv5-d16 -mfloat-abi=hard -mthumb -o "Core/Src/main.o"
../Core/Src/main.c: In function 'HAL_UART_RxCpltCallback':
../Core/Src/main.c:458:58: warning: '
   ' directive writing 1 byte into a region of size between 0 and 127 [-Wformat-overflow=]
  458 |             sprintf(debug_msg, "[DEBUG-RX] I received: %s\n", UartBuffer);
      |                                                          ^~
../Core/Src/main.c:458:13: note: 'sprintf' output between 25 and 152 bytes into a destination of size 150
  458 |             sprintf(debug_msg, "[DEBUG-RX] I received: %s\n", UartBuffer);
      |             ^~~~~~~~~~~~~~~~~~~~~~~~~~~~~~~~~~~~~~~~~~~~~~~~~~~~~~~~~~~~~
arm-none-eabi-gcc -o "Master_H743_Ver_1.elf" @"objects.list"   -mcpu=cortex-m7 -T"F:\BTLHTĐKN\MCU\Master_H743_Ver_1\STM32H743VITX_FLASH.ld" --specs=nosys.specs -Wl,-Map="Master_H743_Ver_1.map" -Wl,--gc-sections -static --specs=nano.specs -mfpu=fpv5-d16 -mfloat-abi=hard -mthumb -Wl,--start-group -lc -lm -Wl,--end-group
Finished building target: Master_H743_Ver_1.elf
 
arm-none-eabi-size  Master_H743_Ver_1.elf 
arm-none-eabi-objdump -h -S Master_H743_Ver_1.elf  > "Master_H743_Ver_1.list"
   text	   data	    bss	    dec	    hex	filename
  43804	     96	   2344	  46244	   b4a4	Master_H743_Ver_1.elf
Finished building: default.size.stdout
 
Finished building: Master_H743_Ver_1.list
 

12:47:46 Build Finished. 0 errors, 1 warnings. (took 1s.345ms)

