2026-05-12 00:15:19,655 [INFO] ADCParametersView:116 -                Rank 1 : false
2026-05-12 00:15:19,704 [INFO] ADCParametersView:116 -                Rank 1 : false
2026-05-12 00:15:19,705 [INFO] ADCParametersView:116 -                Rank 1 : false
2026-05-12 00:15:19,705 [INFO] ADCParametersView:116 -                Rank 1 : false
2026-05-12 00:15:19,706 [INFO] ADCParametersView:116 -                Rank 1 : false
2026-05-12 00:15:19,706 [INFO] ADCParametersView:116 -                Rank 1 : false
2026-05-12 00:15:19,707 [INFO] ADCParametersView:116 -                Rank 1 : false
2026-05-12 00:15:19,707 [INFO] ADCParametersView:116 -                Rank 1 : false
2026-05-12 00:15:19,707 [INFO] ADCParametersView:116 -                Rank 1 : false
2026-05-12 00:15:19,708 [INFO] ADCParametersView:116 -                Rank 1 : false
2026-05-12 00:15:19,708 [INFO] ADCParametersView:116 -                Rank 1 : false
2026-05-12 00:15:19,709 [INFO] ADCParametersView:116 -                Rank 1 : false
2026-05-12 00:15:19,710 [INFO] ADCParametersView:116 -                Rank 1 : false
2026-05-12 00:15:19,710 [INFO] ADCParametersView:116 -                Rank 1 : false
2026-05-12 00:15:19,844 [INFO] ADCParametersView:116 -                Rank 1 : false
2026-05-12 00:15:20,001 [INFO] ADCParametersView:116 -                Rank 1 : false
2026-05-12 00:15:20,001 [INFO] ADCParametersView:116 -                Rank 1 : false
2026-05-12 00:15:20,002 [INFO] ADCParametersView:116 -                Rank 1 : false
2026-05-12 00:15:20,003 [INFO] ADCParametersView:116 -                Rank 1 : false
2026-05-12 00:15:20,003 [INFO] ADCParametersView:116 -                Rank 1 : false
2026-05-12 00:15:20,003 [INFO] ADCParametersView:116 -                Rank 1 : false
2026-05-12 00:15:20,003 [INFO] ADCParametersView:116 -                Rank 1 : false
2026-05-12 00:15:20,003 [INFO] ADCParametersView:116 -                Rank 1 : false
2026-05-12 00:15:20,003 [INFO] ADCParametersView:116 -                Rank 1 : false
2026-05-12 00:15:20,004 [INFO] ADCParametersView:116 -                Rank 1 : false
2026-05-12 00:15:20,004 [INFO] ADCParametersView:116 -                Rank 1 : false
2026-05-12 00:15:20,005 [INFO] ADCParametersView:116 -                Rank 1 : false
2026-05-12 00:15:20,005 [INFO] ADCParametersView:116 -                Rank 1 : false
2026-05-12 00:15:20,005 [INFO] ADCParametersView:116 -                Rank 1 : false
2026-05-12 00:15:20,078 [INFO] ADCParametersView:116 -                Rank 1 : false
2026-05-12 00:15:20,452 [INFO] ADCParametersView:116 -                Rank 1 : false
2026-05-12 00:15:20,453 [INFO] ADCParametersView:116 -                Rank 1 : false
2026-05-12 00:15:20,454 [INFO] ADCParametersView:116 -                Rank 1 : false
2026-05-12 00:15:20,455 [INFO] ADCParametersView:116 -                Rank 1 : false
2026-05-12 00:15:20,455 [INFO] ADCParametersView:116 -                Rank 1 : false
2026-05-12 00:15:20,455 [INFO] ADCParametersView:116 -                Rank 1 : false
2026-05-12 00:15:20,455 [INFO] ADCParametersView:116 -                Rank 1 : false
2026-05-12 00:15:20,455 [INFO] ADCParametersView:116 -                Rank 1 : false
2026-05-12 00:15:20,455 [INFO] ADCParametersView:116 -                Rank 1 : false
2026-05-12 00:15:20,455 [INFO] ADCParametersView:116 -                Rank 1 : false
2026-05-12 00:15:20,455 [INFO] ADCParametersView:116 -                Rank 1 : false
2026-05-12 00:15:20,456 [INFO] ADCParametersView:116 -                Rank 1 : false
2026-05-12 00:15:20,456 [INFO] ADCParametersView:116 -                Rank 1 : false
2026-05-12 00:15:20,456 [INFO] ADCParametersView:116 -                Rank 1 : false
2026-05-12 00:15:20,507 [INFO] ADCParametersView:116 -                Rank 1 : false
2026-05-12 00:15:20,583 [INFO] ADCParametersView:116 -                Rank 1 : false
2026-05-12 00:15:20,583 [INFO] ADCParametersView:116 -                Rank 1 : false
2026-05-12 00:15:20,583 [INFO] ADCParametersView:116 -                Rank 1 : false
2026-05-12 00:15:20,583 [INFO] ADCParametersView:116 -                Rank 1 : false
2026-05-12 00:15:20,583 [INFO] ADCParametersView:116 -                Rank 1 : false
2026-05-12 00:15:20,584 [INFO] ADCParametersView:116 -                Rank 1 : false
2026-05-12 00:15:20,584 [INFO] ADCParametersView:116 -                Rank 1 : false
2026-05-12 00:15:20,584 [INFO] ADCParametersView:116 -                Rank 1 : false
2026-05-12 00:15:20,584 [INFO] ADCParametersView:116 -                Rank 1 : false
2026-05-12 00:15:20,584 [INFO] ADCParametersView:116 -                Rank 1 : false
2026-05-12 00:15:20,585 [INFO] ADCParametersView:116 -                Rank 1 : false
2026-05-12 00:15:20,585 [INFO] ADCParametersView:116 -                Rank 1 : false
2026-05-12 00:15:20,585 [INFO] ADCParametersView:116 -                Rank 1 : false
2026-05-12 00:15:20,585 [INFO] ADCParametersView:116 -                Rank 1 : false
2026-05-12 00:15:20,638 [INFO] ADCParametersView:116 -                Rank 1 : false
2026-05-12 00:15:23,494 [INFO] UtilMem:75 - End SaveConfig() Used Memory: 990031800 Bytes (1073741824)
2026-05-12 00:15:24,610 [INFO] UtilMem:75 - End SaveConfig() Used Memory: 881202416 Bytes (1073741824)
2026-05-12 00:15:25,514 [INFO] UtilMem:75 - End SaveConfig() Used Memory: 958274800 Bytes (1073741824)
2026-05-12 00:15:26,116 [INFO] BlockDiagram:2775 - set Specific Code input for plugin: RCC
2026-05-12 00:15:26,117 [INFO] BlockDiagram:2775 - set Specific Code input for plugin: CAN
2026-05-12 00:15:26,117 [INFO] BlockDiagram:2775 - set Specific Code input for plugin: SYS
2026-05-12 00:15:26,117 [INFO] BlockDiagram:2775 - set Specific Code input for plugin: ADC
2026-05-12 00:15:26,117 [INFO] BlockDiagram:2775 - set Specific Code input for plugin: NVIC
2026-05-12 00:15:26,118 [INFO] BlockDiagram:2775 - set Specific Code input for plugin: GPIO
2026-05-12 00:15:26,119 [INFO] CodeGenerator:892 - code generatio: config db path: D:\STM32CubeIDE_1.19.0\STM32CubeIDE\plugins\com.st.stm32cube.common.mx_6.15.0.202507011659\\db\
2026-05-12 00:15:26,840 [INFO] CodeEngine:265 - oldGeneratedFile, F:\BTLHTĐKN\MCU\SLAVE_F407_Ver_2\MXTmpFiles\license.tmp_save
2026-05-12 00:15:27,248 [INFO] CodeEngine:289 - Generated code: F:\BTLHTĐKN\MCU\SLAVE_F407_Ver_2\MXTmpFiles\license.tmp
2026-05-12 00:15:27,302 [INFO] CodeEngine:265 - oldGeneratedFile, F:\BTLHTĐKN\MCU\SLAVE_F407_Ver_2\MXTmpFiles\gpio.tmp_save
2026-05-12 00:15:27,555 [INFO] CodeEngine:289 - Generated code: F:\BTLHTĐKN\MCU\SLAVE_F407_Ver_2\MXTmpFiles\gpio.tmp
2026-05-12 00:15:27,730 [INFO] CodeEngine:265 - oldGeneratedFile, F:\BTLHTĐKN\MCU\SLAVE_F407_Ver_2\Core\Src\stm32f4xx_it.c_save
2026-05-12 00:15:28,366 [INFO] CodeEngine:289 - Generated code: F:\BTLHTĐKN\MCU\SLAVE_F407_Ver_2\Core\Src\stm32f4xx_it.c
2026-05-12 00:15:28,375 [INFO] CodeEngine:265 - oldGeneratedFile, F:\BTLHTĐKN\MCU\SLAVE_F407_Ver_2\Core\Inc\stm32f4xx_it.h_save
2026-05-12 00:15:28,545 [INFO] CodeEngine:289 - Generated code: F:\BTLHTĐKN\MCU\SLAVE_F407_Ver_2\Core\Inc\stm32f4xx_it.h
2026-05-12 00:15:28,563 [INFO] CodeEngine:265 - oldGeneratedFile, F:\BTLHTĐKN\MCU\SLAVE_F407_Ver_2\Core\Src\stm32f4xx_hal_msp.c_save
2026-05-12 00:15:28,841 [INFO] CodeEngine:289 - Generated code: F:\BTLHTĐKN\MCU\SLAVE_F407_Ver_2\Core\Src\stm32f4xx_hal_msp.c
2026-05-12 00:15:28,846 [INFO] CodeEngine:265 - oldGeneratedFile, F:\BTLHTĐKN\MCU\SLAVE_F407_Ver_2\MXTmpFiles\system.tmp_save
2026-05-12 00:15:28,995 [INFO] CodeEngine:289 - Generated code: F:\BTLHTĐKN\MCU\SLAVE_F407_Ver_2\MXTmpFiles\system.tmp
2026-05-12 00:15:29,013 [INFO] CodeEngine:321 - oldGeneratedFile, F:\BTLHTĐKN\MCU\SLAVE_F407_Ver_2\Core\Inc\stm32f4xx_hal_conf.h_save
2026-05-12 00:15:29,219 [INFO] CodeEngine:345 - Generated code: F:\BTLHTĐKN\MCU\SLAVE_F407_Ver_2\Core\Inc\stm32f4xx_hal_conf.h
2026-05-12 00:15:29,290 [INFO] CodeEngine:265 - oldGeneratedFile, F:\BTLHTĐKN\MCU\SLAVE_F407_Ver_2\Core\Inc\main.h_save
2026-05-12 00:15:29,512 [INFO] CodeEngine:289 - Generated code: F:\BTLHTĐKN\MCU\SLAVE_F407_Ver_2\Core\Inc\main.h
2026-05-12 00:15:29,519 [INFO] CodeEngine:265 - oldGeneratedFile, F:\BTLHTĐKN\MCU\SLAVE_F407_Ver_2\Core\Src\main.c_save
2026-05-12 00:15:29,740 [INFO] CodeEngine:289 - Generated code: F:\BTLHTĐKN\MCU\SLAVE_F407_Ver_2\Core\Src\main.c
2026-05-12 00:15:30,446 [INFO] ProjectBuilder:3606 - Time for Copy HAL[1] : 285mS.
2026-05-12 00:15:30,452 [INFO] ProjectBuilder:5216 - Project Generator version: 4.7.0-B52
2026-05-12 00:15:30,616 [INFO] ConfigFileManager:1595 - The Die is : DIE413
2026-05-12 00:15:32,814 [INFO] ProjectBuilder:5496 - Time for Generating toolchain IDE Files: 2361mS.
2026-05-12 00:15:32,817 [INFO] ProjectBuilder:3463 - Time for Copy CMSIS : 1mS.
2026-05-12 00:15:32,819 [INFO] ProjectBuilder:3463 - Time for Copy CMSIS : 0mS.
2026-05-12 00:30:02,710 [INFO] MainUpdater:2872 - connection check result : 10
2026-05-12 00:30:02,711 [INFO] MainUpdater:2872 - connection check result : 10
2026-05-12 00:30:02,856 [INFO] MicroXplorer:468 - Change Database Path : 
2026-05-12 00:30:02,856 [INFO] MicroXplorer:498 - Change Database Version : DB.6.0.150
2026-05-12 00:30:02,888 [ERROR] ProjectManagerView:395 - 
java.lang.NullPointerException: Cannot invoke "javax.swing.JTextField.getText()" because the return value of "java.util.List.get(int)" is null
	at com.st.microxplorer.plugins.projectmanager.gui.ProjectChoiceTab$9.caretUpdate(ProjectChoiceTab.java:2706) ~[filemanager.jar:?]
	at javax.swing.text.JTextComponent.fireCaretUpdate(JTextComponent.java:408) ~[?:?]
	at javax.swing.text.JTextComponent$MutableCaretEvent.fire(JTextComponent.java:4484) ~[?:?]
	at javax.swing.text.JTextComponent$MutableCaretEvent.stateChanged(JTextComponent.java:4506) ~[?:?]
	at javax.swing.text.DefaultCaret.fireStateChanged(DefaultCaret.java:857) ~[?:?]
	at javax.swing.text.DefaultCaret.changeCaretPosition(DefaultCaret.java:1343) ~[?:?]
	at javax.swing.text.DefaultCaret.handleSetDot(DefaultCaret.java:1242) ~[?:?]
	at javax.swing.text.DefaultCaret.setDot(DefaultCaret.java:1223) ~[?:?]
	at javax.swing.text.DefaultCaret$Handler.insertUpdate(DefaultCaret.java:1819) ~[?:?]
	at javax.swing.text.AbstractDocument.fireInsertUpdate(AbstractDocument.java:227) ~[?:?]
	at javax.swing.text.AbstractDocument.handleInsertString(AbstractDocument.java:781) ~[?:?]
	at javax.swing.text.AbstractDocument.insertString(AbstractDocument.java:740) ~[?:?]
	at javax.swing.text.PlainDocument.insertString(PlainDocument.java:131) ~[?:?]
	at javax.swing.text.AbstractDocument.replace(AbstractDocument.java:699) ~[?:?]
	at javax.swing.text.JTextComponent.setText(JTextComponent.java:1725) ~[?:?]
	at com.st.microxplorer.plugins.projectmanager.gui.ProjectChoiceTab.createHeapStackFields(ProjectChoiceTab.java:993) ~[filemanager.jar:?]
	at com.st.microxplorer.plugins.projectmanager.gui.ProjectChoiceTab.buildLinkSettingsPanel(ProjectChoiceTab.java:3813) ~[filemanager.jar:?]
	at com.st.microxplorer.plugins.projectmanager.gui.ProjectChoiceTab.defineWindowsFields(ProjectChoiceTab.java:1987) ~[filemanager.jar:?]
	at com.st.microxplorer.plugins.projectmanager.gui.ProjectChoiceTab.updateSettings(ProjectChoiceTab.java:558) ~[filemanager.jar:?]
	at com.st.microxplorer.plugins.projectmanager.gui.ProjectSettingsPanel.UpdateDialog(ProjectSettingsPanel.java:247) ~[filemanager.jar:?]
	at com.st.microxplorer.plugins.projectmanager.ProjectManagerView.propertyChange(ProjectManagerView.java:392) ~[filemanager.jar:?]
	at java.beans.PropertyChangeSupport.fire(PropertyChangeSupport.java:343) ~[?:?]
	at java.beans.PropertyChangeSupport.firePropertyChange(PropertyChangeSupport.java:335) ~[?:?]
	at java.beans.PropertyChangeSupport.firePropertyChange(PropertyChangeSupport.java:268) ~[?:?]
	at com.st.microxplorer.util.MXPropertyChangeSupport.firePropertyChange(MXPropertyChangeSupport.java:54) ~[STM32CubeMX.jar:?]
	at com.st.microxplorer.mxsystem.MxSystem.closeConfig(MxSystem.java:899) ~[STM32CubeMX.jar:?]
	at com.st.microxplorer.maingui.MainPanel.closeConfig(MainPanel.java:792) ~[STM32CubeMX.jar:?]
	at com.st.microxplorer.plugins.filemanager.engine.OpenFileManager.loadConfigurationFile(OpenFileManager.java:288) ~[filemanager.jar:?]
	at com.st.microxplorer.plugins.filemanager.engine.MainFileManager.userLoadConfig(MainFileManager.java:364) ~[filemanager.jar:?]
	at com.st.microxplorer.plugins.filemanager.engine.MainFileManager.userLoadConfig(MainFileManager.java:342) ~[filemanager.jar:?]
	at com.st.microxplorer.plugins.filemanager.FileManagerView.getSpecificTask(FileManagerView.java:264) ~[filemanager.jar:?]
	at com.st.stm32cube.common.mx.editor.CubeMxEditor.getMxTabbedPaneInstance(CubeMxEditor.java:1198) ~[com.st.stm32cube.common.mx_6.15.0.202507011659/:?]
	at com.st.stm32cube.common.mx.editor.CubeMxEditor$12$1.createSwingComponent(CubeMxEditor.java:1068) ~[com.st.stm32cube.common.mx_6.15.0.202507011659/:?]
	at com.st.stm32cube.common.mx.oss.core.awtswtbridge.EmbeddedSwingComposite.doComponentCreation(EmbeddedSwingComposite.java:492) ~[com.st.stm32cube.common.mx.oss_6.15.0.202507011659/:?]
	at com.st.stm32cube.common.mx.oss.core.awtswtbridge.EmbeddedSwingComposite$4.run(EmbeddedSwingComposite.java:291) ~[com.st.stm32cube.common.mx.oss_6.15.0.202507011659/:?]
	at com.st.stm32cube.common.mx.oss.core.awtswtbridge.AwtEnvironment$2.run(AwtEnvironment.java:166) ~[com.st.stm32cube.common.mx.oss_6.15.0.202507011659/:?]
	at java.awt.event.InvocationEvent.dispatch(InvocationEvent.java:318) ~[?:?]
	at java.awt.EventQueue.dispatchEventImpl(EventQueue.java:773) ~[?:?]
	at java.awt.EventQueue$4.run(EventQueue.java:720) ~[?:?]
	at java.awt.EventQueue$4.run(EventQueue.java:714) ~[?:?]
	at java.security.AccessController.doPrivileged(AccessController.java:400) ~[?:?]
	at java.security.ProtectionDomain$JavaSecurityAccessImpl.doIntersectionPrivilege(ProtectionDomain.java:87) ~[?:?]
	at java.awt.EventQueue.dispatchEvent(EventQueue.java:742) ~[?:?]
	at java.awt.EventDispatchThread.pumpOneEventForFilters(EventDispatchThread.java:203) ~[?:?]
	at java.awt.EventDispatchThread.pumpEventsForFilter(EventDispatchThread.java:124) ~[?:?]
	at java.awt.EventDispatchThread.pumpEventsForHierarchy(EventDispatchThread.java:113) ~[?:?]
	at java.awt.EventDispatchThread.pumpEvents(EventDispatchThread.java:109) ~[?:?]
	at java.awt.EventDispatchThread.pumpEvents(EventDispatchThread.java:101) ~[?:?]
	at java.awt.EventDispatchThread.run(EventDispatchThread.java:90) ~[?:?]
2026-05-12 00:30:02,890 [WARN] ThirdParty:871 - waiting for thirdparty lock release [close project]
2026-05-12 00:30:02,890 [INFO] ThirdParty:873 - entering critical section [close project]
2026-05-12 00:30:02,890 [INFO] ThirdParty:883 - exiting critical section [close project]
2026-05-12 00:30:02,893 [INFO] PinOutPanel:1589 - setPackage(No Configuration,No Configuration)
2026-05-12 00:30:02,909 [WARN] IpParametersView:155 - Warning: This peripheral hasn't parameters
2026-05-12 00:30:02,927 [WARN] MainPanel:289 - <html><b><center>Warning: This peripheral has no parameters to be configured<br></b></html>
2026-05-12 00:30:02,933 [INFO] UtilMem:75 - Begin LoadConfig() Used Memory: 985014232 Bytes (1073741824)
2026-05-12 00:30:02,934 [INFO] MicroXplorer:468 - Change Database Path : 
2026-05-12 00:30:02,934 [INFO] MicroXplorer:498 - Change Database Version : DB.6.0.150
2026-05-12 00:30:02,934 [INFO] OpenFileManager:355 - Change cursor
2026-05-12 00:30:02,974 [INFO] RulesReader:64 - Compatibility file has been processed (317 Rules)
2026-05-12 00:30:02,989 [INFO] Mcu:2029 - Initializing MCU STM32H743VITx STM32H743VITx STM32H743VIT6
2026-05-12 00:30:07,309 [INFO] Context:786 - Trying to add GPIOservice into a context  which must be forbidden
2026-05-12 00:30:09,710 [INFO] ImportTextPane:234 - (OptionalMessage_ERROR) Pin10 (VP_RIF_VS_RIF1) cannot be retrieved for this MCU
2026-05-12 00:30:10,030 [INFO] RtosManager:558 - Registered RTOS mode: class=CMSIS, group=RTOS, mode=CMSIS_V1, owner=FREERTOS
2026-05-12 00:30:10,030 [INFO] RtosManager:558 - Registered RTOS mode: class=CMSIS, group=RTOS2, mode=CMSIS_V2, owner=FREERTOS
2026-05-12 00:30:10,030 [INFO] RtosManager:558 - Registered RTOS mode: class=RTOS, group=Core, mode=CMSIS_V1, owner=FREERTOS
2026-05-12 00:30:10,031 [INFO] RtosManager:558 - Registered RTOS mode: class=RTOS, group=Core, mode=CMSIS_V2, owner=FREERTOS
2026-05-12 00:30:10,031 [WARN] ModelIntegratedComponent:184 - Missing modes for component STMicroelectronics:FreeRTOS:0.0.1:STMicroelectronics:RTOS:FreeRTOS:Core:::10.2.0:
2026-05-12 00:30:10,034 [WARN] ModelIntegratedComponent:63 - No mode defined for component null
2026-05-12 00:30:10,034 [WARN] ModelIntegratedComponent:63 - No mode defined for component null
2026-05-12 00:30:10,034 [WARN] ModelIntegratedComponent:63 - No mode defined for component null
2026-05-12 00:30:10,034 [WARN] ModelIntegratedComponent:63 - No mode defined for component null
2026-05-12 00:30:10,034 [WARN] ModelIntegratedComponent:63 - No mode defined for component null
2026-05-12 00:30:10,034 [WARN] ModelIntegratedComponent:63 - No mode defined for component null
2026-05-12 00:30:10,034 [WARN] ModelIntegratedComponent:63 - No mode defined for component null
2026-05-12 00:30:10,034 [WARN] ModelIntegratedComponent:63 - No mode defined for component null
2026-05-12 00:30:10,034 [WARN] ModelIntegratedComponent:63 - No mode defined for component null
2026-05-12 00:30:10,034 [WARN] ModelIntegratedComponent:63 - No mode defined for component null
2026-05-12 00:30:10,034 [WARN] ModelIntegratedComponent:63 - No mode defined for component null
2026-05-12 00:30:10,034 [WARN] ModelIntegratedComponent:63 - No mode defined for component null
2026-05-12 00:30:10,034 [WARN] ModelIntegratedComponent:63 - No mode defined for component null
2026-05-12 00:30:10,034 [WARN] ModelIntegratedComponent:63 - No mode defined for component null
2026-05-12 00:30:10,034 [WARN] ModelIntegratedComponent:63 - No mode defined for component null
2026-05-12 00:30:10,036 [WARN] ModelIntegratedComponent:63 - No mode defined for component null
2026-05-12 00:30:10,036 [WARN] ModelIntegratedComponent:63 - No mode defined for component null
2026-05-12 00:30:10,036 [WARN] ModelIntegratedComponent:63 - No mode defined for component null
2026-05-12 00:30:10,036 [WARN] ModelIntegratedComponent:63 - No mode defined for component null
2026-05-12 00:30:10,036 [WARN] ModelIntegratedComponent:63 - No mode defined for component null
2026-05-12 00:30:10,036 [WARN] ModelIntegratedComponent:63 - No mode defined for component null
2026-05-12 00:30:10,036 [WARN] ModelIntegratedComponent:63 - No mode defined for component null
2026-05-12 00:30:10,036 [WARN] ModelIntegratedComponent:63 - No mode defined for component null
2026-05-12 00:30:10,036 [WARN] ModelIntegratedComponent:63 - No mode defined for component null
2026-05-12 00:30:10,036 [WARN] ModelIntegratedComponent:63 - No mode defined for component null
2026-05-12 00:30:10,036 [WARN] ModelIntegratedComponent:63 - No mode defined for component null
2026-05-12 00:30:10,036 [WARN] ModelIntegratedComponent:63 - No mode defined for component null
2026-05-12 00:30:10,036 [WARN] ModelIntegratedComponent:63 - No mode defined for component null
2026-05-12 00:30:10,036 [WARN] ModelIntegratedComponent:63 - No mode defined for component null
2026-05-12 00:30:10,036 [WARN] ModelIntegratedComponent:63 - No mode defined for component null
2026-05-12 00:30:10,036 [WARN] ModelIntegratedComponent:63 - No mode defined for component null
2026-05-12 00:30:10,036 [WARN] ModelIntegratedComponent:63 - No mode defined for component null
2026-05-12 00:30:10,036 [WARN] ModelIntegratedComponent:63 - No mode defined for component null
2026-05-12 00:30:10,036 [WARN] ModelIntegratedComponent:63 - No mode defined for component null
2026-05-12 00:30:10,036 [WARN] ModelIntegratedComponent:63 - No mode defined for component null
2026-05-12 00:30:10,036 [WARN] ModelPack:524 - Component already loaded: STMicroelectronics:HAL Drivers:0.0.0:STMicroelectronics:Device:STMicro_Driver:XSPI:HAL::0.0.1:HAL_XSPI
2026-05-12 00:30:10,636 [INFO] ThirdPartyModel:298 - Start build external matchings
2026-05-12 00:30:16,731 [INFO] ThirdPartyModel:316 - End build external matchings
2026-05-12 00:30:17,060 [WARN] IP:2250 - ClockDivider not found: check if there is a RefParameter without a condition.
2026-05-12 00:30:17,063 [WARN] IP:2250 - ClockDividerCCU not found: check if there is a RefParameter without a condition.
2026-05-12 00:30:17,065 [WARN] IP:2250 - MinOscClkPeriodsCCU not found: check if there is a RefParameter without a condition.
2026-05-12 00:30:17,065 [WARN] IP:2250 - TimeQuantaPerBitTimeCCU not found: check if there is a RefParameter without a condition.
2026-05-12 00:30:17,065 [WARN] IP:2250 - WatchdogStartValueCCU not found: check if there is a RefParameter without a condition.
2026-05-12 00:30:17,076 [INFO] ImportTextPane:234 - (OptionalMessage_ERROR) IP (RCC) : Parameter (ADCFreq_Value) has invalid value (129000000)
2026-05-12 00:30:17,076 [INFO] ImportTextPane:234 - (OptionalMessage_ERROR) IP (RCC) : Invalid parameter (DATA_CACHE_ENABLE)
2026-05-12 00:30:17,319 [INFO] ImportTextPane:234 - (OptionalMessage_ERROR) IP (RCC) : Invalid parameter (FamilyName)
2026-05-12 00:30:17,319 [INFO] ImportTextPane:234 - (OptionalMessage_ERROR) IP (RCC) : Invalid parameter (INSTRUCTION_CACHE_ENABLE)
2026-05-12 00:30:17,320 [INFO] ImportTextPane:234 - (OptionalMessage_ERROR) IP (RCC) : Invalid parameter (PREFETCH_ENABLE)
2026-05-12 00:30:17,320 [INFO] ImportTextPane:234 - (OptionalMessage_ERROR) IP (RCC) : Invalid parameter (PWREXT_OverDrive)
2026-05-12 00:30:17,321 [INFO] ImportTextPane:234 - (OptionalMessage_ERROR) IP (RCC) : Parameter (USBFreq_Value) has invalid value (100000000)
2026-05-12 00:30:18,172 [INFO] UtilMem:75 - End LoadConfig() Used Memory: 1005488168 Bytes (1073741824)
2026-05-12 00:30:18,270 [WARN] ThirdParty:833 - waiting for thirdparty lock release [change project]
2026-05-12 00:30:18,273 [INFO] ThirdParty:835 - entering critical section [change project]
2026-05-12 00:30:18,274 [INFO] ThirdParty:1030 - CMSIS Pack Vendor :STMicroelectronics X-CUBE-AZRTOS-H7 3.5.0
2026-05-12 00:30:18,274 [INFO] ThirdParty:1030 - CMSIS Pack Vendor :STMicroelectronics X-CUBE-PM33A1 1.0.0
2026-05-12 00:30:18,274 [INFO] ThirdParty:1030 - CMSIS Pack Vendor :STMicroelectronics USBPD 4.1
2026-05-12 00:30:18,274 [INFO] ThirdParty:1030 - CMSIS Pack Vendor :STMicroelectronics X-CUBE-GNSS1 6.0.0
2026-05-12 00:30:18,274 [INFO] ThirdParty:1030 - CMSIS Pack Vendor :STMicroelectronics USB_HOST 2.0.0
2026-05-12 00:30:18,274 [INFO] ThirdParty:1030 - CMSIS Pack Vendor :STMicroelectronics FP-SNS-MOTENVWB1 1.4.0
2026-05-12 00:30:18,275 [INFO] ThirdParty:1030 - CMSIS Pack Vendor :STMicroelectronics X-CUBE-AZRTOS-F4 1.1.0
2026-05-12 00:30:18,275 [INFO] ThirdParty:1030 - CMSIS Pack Vendor :STMicroelectronics LIBJPEG 8.0.0
2026-05-12 00:30:18,275 [INFO] ThirdParty:1030 - CMSIS Pack Vendor :STMicroelectronics FP-ATR-ASTRA1 2.0.2
2026-05-12 00:30:18,276 [INFO] ThirdParty:1030 - CMSIS Pack Vendor :STMicroelectronics FP-ATR-ASTRA1 2.0.1
2026-05-12 00:30:18,276 [INFO] ThirdParty:1030 - CMSIS Pack Vendor :Avnet-IotConnect X-CUBE-IoTC-DA16k-PMOD 1.0.0
2026-05-12 00:30:18,276 [INFO] ThirdParty:1030 - CMSIS Pack Vendor :STMicroelectronics X-CUBE-SMBUS 2.1.0
2026-05-12 00:30:18,276 [INFO] ThirdParty:1030 - CMSIS Pack Vendor :STMicroelectronics X-CUBE-WB05N 1.1.0
2026-05-12 00:30:18,276 [INFO] ThirdParty:1030 - CMSIS Pack Vendor :STMicroelectronics X-CUBE-ISPU 2.1.0
2026-05-12 00:30:18,276 [INFO] ThirdParty:1030 - CMSIS Pack Vendor :STMicroelectronics X-CUBE-IPS 3.2.0
2026-05-12 00:30:18,276 [INFO] ThirdParty:1030 - CMSIS Pack Vendor :STMicroelectronics eDS-WB_DPC_TT-BIDIR 2.1.1
2026-05-12 00:30:18,277 [INFO] ThirdParty:1030 - CMSIS Pack Vendor :STMicroelectronics X-CUBE-FREERTOS 1.2.0
2026-05-12 00:30:18,277 [INFO] ThirdParty:1030 - CMSIS Pack Vendor :STMicroelectronics X-CUBE-ST60 1.0.0
2026-05-12 00:30:18,277 [INFO] ThirdParty:1030 - CMSIS Pack Vendor :STMicroelectronics X-CUBE-TOUCHGFX 4.23.0
2026-05-12 00:30:18,277 [INFO] ThirdParty:1030 - CMSIS Pack Vendor :STMicroelectronics X-CUBE-NFC12 1.0.0
2026-05-12 00:30:18,277 [INFO] ThirdParty:1030 - CMSIS Pack Vendor :STMicroelectronics X-CUBE-TOUCHGFX 4.23.2
2026-05-12 00:30:18,277 [INFO] ThirdParty:1030 - CMSIS Pack Vendor :STMicroelectronics X-CUBE-AZRTOS-F7 1.1.0
2026-05-12 00:30:18,277 [INFO] ThirdParty:1030 - CMSIS Pack Vendor :STMicroelectronics X-CUBE-AZRTOS-L5 2.0.0
2026-05-12 00:30:18,277 [INFO] ThirdParty:1030 - CMSIS Pack Vendor :STMicroelectronics USB_DEVICE 2.0.0
2026-05-12 00:30:18,277 [INFO] ThirdParty:1030 - CMSIS Pack Vendor :STMicroelectronics X-CUBE-MEMS1 9.6.0
2026-05-12 00:30:18,277 [INFO] ThirdParty:1030 - CMSIS Pack Vendor :STMicroelectronics X-CUBE-EEPRMA1 4.2.0
2026-05-12 00:30:18,278 [INFO] ThirdParty:1030 - CMSIS Pack Vendor :STMicroelectronics X-CUBE-NFC6 3.1.0
2026-05-12 00:30:18,278 [INFO] ThirdParty:1030 - CMSIS Pack Vendor :ITTIA_DB I-CUBE-ITTIADB 8.8.0
2026-05-12 00:30:18,278 [INFO] ThirdParty:1030 - CMSIS Pack Vendor :STMicroelectronics FP-SNS-MOTENV1 4.3.2
2026-05-12 00:30:18,278 [INFO] ThirdParty:1030 - CMSIS Pack Vendor :STMicroelectronics X-CUBE-MEMS1 11.0.0
2026-05-12 00:30:18,278 [INFO] ThirdParty:1030 - CMSIS Pack Vendor :STMicroelectronics FP-SNS-MOTENV1 5.1.0
2026-05-12 00:30:18,278 [INFO] ThirdParty:1030 - CMSIS Pack Vendor :STMicroelectronics FreeRTOS 0.0.1
2026-05-12 00:30:18,278 [INFO] ThirdParty:1030 - CMSIS Pack Vendor :STMicroelectronics X-CUBE-BLEMGR 2.0.0
2026-05-12 00:30:18,278 [INFO] ThirdParty:1030 - CMSIS Pack Vendor :STMicroelectronics X-CUBE-DPower 1.2.0
2026-05-12 00:30:18,278 [INFO] ThirdParty:1030 - CMSIS Pack Vendor :STMicroelectronics eDS-WB_DPC_VIENNA 1.2.0
2026-05-12 00:30:18,279 [INFO] ThirdParty:1030 - CMSIS Pack Vendor :STMicroelectronics FP-SNS-FLIGHT1 5.0.2
2026-05-12 00:30:18,279 [INFO] ThirdParty:1030 - CMSIS Pack Vendor :STMicroelectronics eDS-WB_DPC_3PH2L-BIDIR 1.1.1
2026-05-12 00:30:18,279 [INFO] ThirdParty:1030 - CMSIS Pack Vendor :STMicroelectronics X-CUBE-AI 9.0.0
2026-05-12 00:30:18,279 [INFO] ThirdParty:1030 - CMSIS Pack Vendor :STMicroelectronics X-CUBE-AZRTOS-H7 3.1.0
2026-05-12 00:30:18,279 [INFO] ThirdParty:1030 - CMSIS Pack Vendor :STMicroelectronics PDM2PCM 3.3.0
2026-05-12 00:30:18,279 [INFO] ThirdParty:1030 - CMSIS Pack Vendor :STMicroelectronics X-CUBE-AZRTOS-H7 3.4.0
2026-05-12 00:30:18,279 [INFO] ThirdParty:1030 - CMSIS Pack Vendor :STMicroelectronics X-CUBE-DISPLAY 3.0.0
2026-05-12 00:30:18,279 [INFO] ThirdParty:1030 - CMSIS Pack Vendor :STMicroelectronics FP-SNS-MOTENVWB1 1.5.0
2026-05-12 00:30:18,280 [INFO] ThirdParty:1030 - CMSIS Pack Vendor :STMicroelectronics X-CUBE-BLE1 7.0.0
2026-05-12 00:30:18,280 [INFO] ThirdParty:1030 - CMSIS Pack Vendor :STMicroelectronics X-CUBE-NFC10 1.0.0
2026-05-12 00:30:18,280 [INFO] ThirdParty:1030 - CMSIS Pack Vendor :STMicroelectronics X-CUBE-BLEMGR 4.0.0
2026-05-12 00:30:18,280 [INFO] ThirdParty:1030 - CMSIS Pack Vendor :STMicroelectronics X-CUBE-FREERTOS 1.3.1
2026-05-12 00:30:18,280 [INFO] ThirdParty:1030 - CMSIS Pack Vendor :STMicroelectronics HAL Drivers 0.0.0
2026-05-12 00:30:18,281 [INFO] ThirdParty:1030 - CMSIS Pack Vendor :STMicroelectronics X-CUBE-ST60 1.1.0
2026-05-12 00:30:18,281 [INFO] ThirdParty:1030 - CMSIS Pack Vendor :emotas I-CUBE-CANOPEN 1.3.0
2026-05-12 00:30:18,281 [INFO] ThirdParty:1030 - CMSIS Pack Vendor :STMicroelectronics X-CUBE-FREERTOS 1.3.0
2026-05-12 00:30:18,281 [INFO] ThirdParty:1030 - CMSIS Pack Vendor :STMicroelectronics X-CUBE-NFC7 1.0.1
2026-05-12 00:30:18,281 [INFO] ThirdParty:1030 - CMSIS Pack Vendor :STMicroelectronics MBEDTLS 2.14.1
2026-05-12 00:30:18,281 [INFO] ThirdParty:1030 - CMSIS Pack Vendor :STMicroelectronics X-CUBE-GNSS1 7.1.0
2026-05-12 00:30:18,281 [INFO] ThirdParty:1030 - CMSIS Pack Vendor :STMicroelectronics X-CUBE-TOUCHGFX 4.22.1
2026-05-12 00:30:18,281 [INFO] ThirdParty:1030 - CMSIS Pack Vendor :wolfSSL I-CUBE-wolfTPM 3.2.0
2026-05-12 00:30:18,281 [INFO] ThirdParty:1030 - CMSIS Pack Vendor :STMicroelectronics X-CUBE-TOUCHGFX 4.26.0
2026-05-12 00:30:18,281 [INFO] ThirdParty:1030 - CMSIS Pack Vendor :STMicroelectronics X-CUBE-NFC6 3.0.0
2026-05-12 00:30:18,281 [INFO] ThirdParty:1030 - CMSIS Pack Vendor :STMicroelectronics X-CUBE-TOUCHGFX 4.26.1
2026-05-12 00:30:18,281 [INFO] ThirdParty:1030 - CMSIS Pack Vendor :STMicroelectronics X-CUBE-EEPRMA1 4.1.0
2026-05-12 00:30:18,281 [INFO] ThirdParty:1030 - CMSIS Pack Vendor :STMicroelectronics X-CUBE-BLEMGR 3.1.0
2026-05-12 00:30:18,282 [INFO] ThirdParty:1030 - CMSIS Pack Vendor :STMicroelectronics X-CUBE-AI 10.0.0
2026-05-12 00:30:18,282 [INFO] ThirdParty:1030 - CMSIS Pack Vendor :STMicroelectronics FP-SNS-STBOX1 2.1.0
2026-05-12 00:30:18,282 [INFO] ThirdParty:1030 - CMSIS Pack Vendor :STMicroelectronics FP-SNS-STAIOTCFT 1.0.0
2026-05-12 00:30:18,282 [INFO] ThirdParty:1030 - CMSIS Pack Vendor :STMicroelectronics FP-SNS-FLIGHT1 5.1.0
2026-05-12 00:30:18,282 [INFO] ThirdParty:1030 - CMSIS Pack Vendor :STMicroelectronics X-CUBE-MEMS1 11.1.0
2026-05-12 00:30:18,282 [INFO] ThirdParty:1030 - CMSIS Pack Vendor :STMicroelectronics X-CUBE-AZRTOS-WL 2.0.0
2026-05-12 00:30:18,282 [INFO] ThirdParty:1030 - CMSIS Pack Vendor :STMicroelectronics X-CUBE-DPower 1.3.0
2026-05-12 00:30:18,282 [INFO] ThirdParty:1030 - CMSIS Pack Vendor :STMicroelectronics FP-SNS-MOTENV1 5.0.0
2026-05-12 00:30:18,282 [INFO] ThirdParty:1030 - CMSIS Pack Vendor :STMicroelectronics USB_DEVICE 1.0.0
2026-05-12 00:30:18,282 [INFO] ThirdParty:1030 - CMSIS Pack Vendor :STMicroelectronics X-CUBE-AZRTOS-H7RS 1.2.0
2026-05-12 00:30:18,282 [INFO] ThirdParty:1030 - CMSIS Pack Vendor :STMicroelectronics X-CUBE-AI 8.1.0
2026-05-12 00:30:18,282 [INFO] ThirdParty:1030 - CMSIS Pack Vendor :wolfSSL I-CUBE-wolfMQTT 1.19.0
2026-05-12 00:30:18,282 [INFO] ThirdParty:1030 - CMSIS Pack Vendor :STMicroelectronics X-CUBE-AZRTOS-L4 2.0.0
2026-05-12 00:30:18,282 [INFO] ThirdParty:1030 - CMSIS Pack Vendor :STMicroelectronics ThreadX 0.0.2
2026-05-12 00:30:18,282 [INFO] ThirdParty:1030 - CMSIS Pack Vendor :WES I-CUBE-Cesium 1.3.0
2026-05-12 00:30:18,282 [INFO] ThirdParty:1030 - CMSIS Pack Vendor :STMicroelectronics lwIP 2.1.2
2026-05-12 00:30:18,282 [INFO] ThirdParty:1030 - CMSIS Pack Vendor :STMicroelectronics X-CUBE-SFXS2LP1 4.0.0
2026-05-12 00:30:18,282 [INFO] ThirdParty:1030 - CMSIS Pack Vendor :STMicroelectronics X-CUBE-BLE2 3.3.0
2026-05-12 00:30:18,282 [INFO] ThirdParty:1030 - CMSIS Pack Vendor :Avnet-IOTCONNECT X-CUBE-iotc-st67-sdk 1.0.0
2026-05-12 00:30:18,282 [INFO] ThirdParty:1030 - CMSIS Pack Vendor :STMicroelectronics PDM2PCM 3.2.0
2026-05-12 00:30:18,283 [INFO] ThirdParty:1030 - CMSIS Pack Vendor :STMicroelectronics X-CUBE-WB05N 2.1.0
2026-05-12 00:30:18,283 [INFO] ThirdParty:1030 - CMSIS Pack Vendor :STMicroelectronics X-CUBE-ST67W61 1.2.0
2026-05-12 00:30:18,283 [INFO] ThirdParty:1030 - CMSIS Pack Vendor :STMicroelectronics X-CUBE-ISPU 1.1.0
2026-05-12 00:30:18,283 [INFO] ThirdParty:1030 - CMSIS Pack Vendor :STMicroelectronics X-CUBE-AZRTOS-H7 3.3.0
2026-05-12 00:30:18,283 [INFO] ThirdParty:1030 - CMSIS Pack Vendor :STMicroelectronics X-CUBE-NFC9 1.0.0
2026-05-12 00:30:18,283 [INFO] ThirdParty:1030 - CMSIS Pack Vendor :STMicroelectronics X-CUBE-BLE1 7.1.0
2026-05-12 00:30:18,284 [INFO] ThirdParty:1030 - CMSIS Pack Vendor :STMicroelectronics USB_DEVICE 3.0.0
2026-05-12 00:30:18,284 [INFO] ThirdParty:1030 - CMSIS Pack Vendor :STMicroelectronics X-CUBE-TCPP 4.1.0
2026-05-12 00:30:18,284 [INFO] ThirdParty:1030 - CMSIS Pack Vendor :STMicroelectronics X-CUBE-FREERTOS 1.4.0
2026-05-12 00:30:18,284 [INFO] ThirdParty:1030 - CMSIS Pack Vendor :STMicroelectronics X-CUBE-EEPRMA1 5.2.0
2026-05-12 00:30:18,284 [INFO] ThirdParty:1030 - CMSIS Pack Vendor :STMicroelectronics X-CUBE-BLEMGR 4.1.0
2026-05-12 00:30:18,284 [INFO] ThirdParty:1030 - CMSIS Pack Vendor :STMicroelectronics X-CUBE-IPS 3.0.0
2026-05-12 00:30:18,284 [INFO] ThirdParty:1030 - CMSIS Pack Vendor :STMicroelectronics X-CUBE-AZRTOS-WB 2.0.0
2026-05-12 00:30:18,284 [INFO] ThirdParty:1030 - CMSIS Pack Vendor :STMicroelectronics X-CUBE-GNSS1 7.0.0
2026-05-12 00:30:18,284 [INFO] ThirdParty:1030 - CMSIS Pack Vendor :STMicroelectronics X-CUBE-GNSS1 7.0.1
2026-05-12 00:30:18,284 [INFO] ThirdParty:1030 - CMSIS Pack Vendor :STMicroelectronics X-CUBE-TOUCHGFX 4.25.0
2026-05-12 00:30:18,284 [INFO] ThirdParty:1030 - CMSIS Pack Vendor :STMicroelectronics X-CUBE-ST67W61 1.1.0
2026-05-12 00:30:18,284 [INFO] ThirdParty:1030 - CMSIS Pack Vendor :STMicroelectronics X-CUBE-AI 10.1.0
2026-05-12 00:30:18,284 [INFO] ThirdParty:1030 - CMSIS Pack Vendor :STMicroelectronics FP-SNS-STBOX1 2.0.0
2026-05-12 00:30:18,284 [INFO] ThirdParty:1030 - CMSIS Pack Vendor :STMicroelectronics X-CUBE-MEMS1 12.0.0
2026-05-12 00:30:18,284 [INFO] ThirdParty:1030 - CMSIS Pack Vendor :STMicroelectronics X-CUBE-ALGOBUILD 1.3.0
2026-05-12 00:30:18,284 [INFO] ThirdParty:1030 - CMSIS Pack Vendor :STMicroelectronics X-CUBE-STSE01 2.0.0
2026-05-12 00:30:18,284 [INFO] ThirdParty:1030 - CMSIS Pack Vendor :STMicroelectronics X-CUBE-MEMS1 11.2.0
2026-05-12 00:30:18,284 [INFO] ThirdParty:1030 - CMSIS Pack Vendor :STMicroelectronics X-CUBE-AZRTOS-G0 1.1.0
2026-05-12 00:30:18,285 [INFO] ThirdParty:1030 - CMSIS Pack Vendor :STMicroelectronics X-CUBE-SAFEA1 1.2.2
2026-05-12 00:30:18,285 [INFO] ThirdParty:1030 - CMSIS Pack Vendor :STMicroelectronics X-CUBE-NFC4 3.0.0
2026-05-12 00:30:18,285 [INFO] ThirdParty:1030 - CMSIS Pack Vendor :STMicroelectronics X-CUBE-SUBG2 5.0.0
2026-05-12 00:30:18,285 [INFO] ThirdParty:1030 - CMSIS Pack Vendor :STMicroelectronics X-CUBE-AZRTOS-H7RS 1.1.0
2026-05-12 00:30:18,285 [INFO] ThirdParty:1030 - CMSIS Pack Vendor :STMicroelectronics STM32_WPAN 1.0.0
2026-05-12 00:30:18,285 [INFO] ThirdParty:1030 - CMSIS Pack Vendor :wolfSSL I-CUBE-wolfMQTT 1.18.0
2026-05-12 00:30:18,285 [INFO] ThirdParty:1030 - CMSIS Pack Vendor :EmbeddedOffice I-CUBE-FS-RTOS 1.0.1
2026-05-12 00:30:18,285 [INFO] ThirdParty:1030 - CMSIS Pack Vendor :STMicroelectronics lwIP 2.0.3
2026-05-12 00:30:18,286 [INFO] ThirdParty:1030 - CMSIS Pack Vendor :STMicroelectronics USB_HOST 1.0.0
2026-05-12 00:30:18,286 [INFO] ThirdParty:1030 - CMSIS Pack Vendor :STMicroelectronics X-CUBE-TOF1 3.3.1
2026-05-12 00:30:18,286 [INFO] ThirdParty:1030 - CMSIS Pack Vendor :STMicroelectronics X-CUBE-AZRTOS-G4 2.0.0
2026-05-12 00:30:18,286 [INFO] ThirdParty:1030 - CMSIS Pack Vendor :STMicroelectronics X-CUBE-WB05N 2.0.0
2026-05-12 00:30:18,286 [INFO] ThirdParty:1030 - CMSIS Pack Vendor :STMicroelectronics PDM2PCM 3.1.0
2026-05-12 00:30:18,286 [INFO] ThirdParty:1030 - CMSIS Pack Vendor :Infineon AIROC-Wi-Fi-Bluetooth-STM32 1.5.1
2026-05-12 00:30:18,286 [INFO] ThirdParty:1030 - CMSIS Pack Vendor :STMicroelectronics X-CUBE-BLEMGR 3.0.0
2026-05-12 00:30:18,286 [INFO] ThirdParty:1030 - CMSIS Pack Vendor :STMicroelectronics FP-SNS-MOTENVWB1 1.3.0
2026-05-12 00:30:18,286 [INFO] ThirdParty:1030 - CMSIS Pack Vendor :STMicroelectronics X-CUBE-NFC7 2.0.0
2026-05-12 00:30:18,286 [INFO] ThirdParty:1030 - CMSIS Pack Vendor :STMicroelectronics X-CUBE-TCPP 4.2.0
2026-05-12 00:30:18,286 [INFO] ThirdParty:1030 - CMSIS Pack Vendor :RealThread X-CUBE-RT-Thread_Nano 4.1.1
2026-05-12 00:30:18,286 [INFO] ThirdParty:1030 - CMSIS Pack Vendor :STMicroelectronics FP-SNS-MOTENVWB1 1.3.1
2026-05-12 00:30:18,286 [INFO] ThirdParty:1030 - CMSIS Pack Vendor :STMicroelectronics FP-ATR-SIGFOX1 3.2.0
2026-05-12 00:30:18,286 [INFO] ThirdParty:1030 - CMSIS Pack Vendor :quantropi X-CUBE-qispace-sdk-base 1.9.3
2026-05-12 00:30:18,286 [INFO] ThirdParty:1030 - CMSIS Pack Vendor :STMicroelectronics X-CUBE-ISPU 2.0.0
2026-05-12 00:30:18,286 [INFO] ThirdParty:1030 - CMSIS Pack Vendor :STMicroelectronics X-CUBE-EEPRMA1 5.1.0
2026-05-12 00:30:18,286 [INFO] ThirdParty:1030 - CMSIS Pack Vendor :STMicroelectronics X-CUBE-FREERTOS 1.5.0
2026-05-12 00:30:18,289 [INFO] ThirdParty:1030 - CMSIS Pack Vendor :STMicroelectronics MBEDTLS 2.16.2
2026-05-12 00:30:18,289 [INFO] ThirdParty:1030 - CMSIS Pack Vendor :STMicroelectronics X-CUBE-IPS 3.1.0
2026-05-12 00:30:18,289 [INFO] ThirdParty:1030 - CMSIS Pack Vendor :STMicroelectronics X-CUBE-ALS 1.0.2
2026-05-12 00:30:18,289 [INFO] ThirdParty:1030 - CMSIS Pack Vendor :STMicroelectronics X-CUBE-MEMS1 10.0.0
2026-05-12 00:30:18,289 [INFO] ThirdParty:1030 - CMSIS Pack Vendor :STMicroelectronics X-CUBE-FREERTOS 1.1.0
2026-05-12 00:30:18,289 [INFO] ThirdParty:1030 - CMSIS Pack Vendor :STMicroelectronics X-CUBE-TOUCHGFX 4.24.0
2026-05-12 00:30:18,289 [INFO] ThirdParty:1030 - CMSIS Pack Vendor :STMicroelectronics X-CUBE-TOUCHGFX 4.24.2
2026-05-12 00:30:18,289 [INFO] ThirdParty:1030 - CMSIS Pack Vendor :STMicroelectronics X-CUBE-TOUCHGFX 4.24.1
2026-05-12 00:30:18,289 [INFO] ThirdParty:1030 - CMSIS Pack Vendor :STMicroelectronics X-CUBE-STSE01 1.0.0
2026-05-12 00:30:18,289 [INFO] ThirdParty:1030 - CMSIS Pack Vendor :portGmbH I-Cube-SoM-uGOAL 1.1.0
2026-05-12 00:30:18,289 [INFO] ThirdParty:1030 - CMSIS Pack Vendor :STMicroelectronics X-CUBE-ALS 1.0.1
2026-05-12 00:30:18,289 [INFO] ThirdParty:1030 - CMSIS Pack Vendor :STMicroelectronics X-CUBE-NFC6 3.2.0
2026-05-12 00:30:18,290 [INFO] ThirdParty:1030 - CMSIS Pack Vendor :STMicroelectronics X-CUBE-ST67W61 1.0.0
2026-05-12 00:30:18,290 [INFO] ThirdParty:1030 - CMSIS Pack Vendor :STMicroelectronics X-CUBE-AI 10.2.0
2026-05-12 00:30:18,290 [INFO] ThirdParty:1030 - CMSIS Pack Vendor :STMicroelectronics ThreadX 1.0.0
2026-05-12 00:30:18,290 [INFO] ThirdParty:1030 - CMSIS Pack Vendor :SEGGER I-CUBE-embOS 1.3.1
2026-05-12 00:30:18,290 [INFO] ThirdParty:1030 - CMSIS Pack Vendor :STMicroelectronics X-CUBE-ALGOBUILD 1.4.0
2026-05-12 00:30:18,290 [INFO] ThirdParty:1030 - CMSIS Pack Vendor :STMicroelectronics X-CUBE-MEMS1 11.3.0
2026-05-12 00:30:18,290 [INFO] ThirdParty:1030 - CMSIS Pack Vendor :STMicroelectronics X-CUBE-AZRTOS-H7RS 1.0.0
2026-05-12 00:30:18,290 [INFO] ThirdParty:1030 - CMSIS Pack Vendor :STMicroelectronics FP-ATR-ASTRA1 2.0.0
2026-05-12 00:30:18,290 [INFO] ThirdParty:1030 - CMSIS Pack Vendor :STMicroelectronics X-CUBE-TOF1 3.4.2
2026-05-12 00:30:18,290 [INFO] ThirdParty:1030 - CMSIS Pack Vendor :STMicroelectronics X-CUBE-TOF1 3.4.3
2026-05-12 00:30:18,290 [INFO] ThirdParty:1030 - CMSIS Pack Vendor :STMicroelectronics X-CUBE-AI 9.1.0
2026-05-12 00:30:18,291 [INFO] ThirdParty:1030 - CMSIS Pack Vendor :STMicroelectronics X-CUBE-TOF1 3.4.0
2026-05-12 00:30:18,291 [INFO] ThirdParty:1030 - CMSIS Pack Vendor :STMicroelectronics X-CUBE-TOF1 3.4.1
2026-05-12 00:30:18,291 [INFO] ThirdParty:1030 - CMSIS Pack Vendor :STMicroelectronics X-CUBE-AZRTOS-H7 3.2.0
2026-05-12 00:30:18,291 [INFO] ThirdParty:1030 - CMSIS Pack Vendor :wolfSSL I-CUBE-wolfSSH 1.4.17
2026-05-12 00:30:18,291 [INFO] ThirdParty:841 - exiting critical section [change project]
2026-05-12 00:30:19,497 [INFO] PinOutPanel:1589 - setPackage(No Configuration,No Configuration)
2026-05-12 00:30:19,499 [INFO] PinOutPanel:1589 - setPackage(STM32H743VITx,LQFP100)
2026-05-12 00:30:20,348 [INFO] UtilMem:75 - Before build in PCC Used Memory: 994573920 Bytes (1073741824)
2026-05-12 00:30:20,949 [INFO] UtilMem:75 - After build in PCC Used Memory: 993762656 Bytes (1073741824)
2026-05-12 00:30:21,004 [INFO] IPUIPlugin:80 - create IPUIPlugin
2026-05-12 00:30:21,004 [INFO] IPUIPlugin:80 - create IPUIPlugin
2026-05-12 00:30:21,004 [INFO] IPUIPlugin:80 - create IPUIPlugin
2026-05-12 00:30:21,005 [INFO] IPUIPlugin:80 - create IPUIPlugin
2026-05-12 00:30:21,005 [INFO] IPUIPlugin:80 - create IPUIPlugin
2026-05-12 00:30:21,005 [INFO] IPUIPlugin:80 - create IPUIPlugin
2026-05-12 00:30:21,005 [INFO] IPUIPlugin:80 - create IPUIPlugin
2026-05-12 00:30:21,005 [INFO] IPUIPlugin:80 - create IPUIPlugin
2026-05-12 00:30:21,006 [INFO] IPUIPlugin:80 - create IPUIPlugin
2026-05-12 00:30:21,006 [INFO] IPUIPlugin:80 - create IPUIPlugin
2026-05-12 00:30:21,006 [INFO] IPUIPlugin:80 - create IPUIPlugin
2026-05-12 00:30:21,006 [INFO] IPUIPlugin:80 - create IPUIPlugin
2026-05-12 00:30:21,006 [INFO] IPUIPlugin:80 - create IPUIPlugin
2026-05-12 00:30:21,006 [INFO] IPUIPlugin:80 - create IPUIPlugin
2026-05-12 00:30:21,006 [INFO] IPUIPlugin:80 - create IPUIPlugin
2026-05-12 00:30:21,006 [INFO] IPUIPlugin:80 - create IPUIPlugin
2026-05-12 00:30:21,007 [INFO] IPUIPlugin:80 - create IPUIPlugin
2026-05-12 00:30:21,007 [INFO] IPUIPlugin:80 - create IPUIPlugin
2026-05-12 00:30:21,007 [INFO] IPUIPlugin:80 - create IPUIPlugin
2026-05-12 00:30:21,007 [INFO] IPUIPlugin:80 - create IPUIPlugin
2026-05-12 00:30:21,008 [INFO] IPUIPlugin:80 - create IPUIPlugin
2026-05-12 00:30:21,008 [INFO] IPUIPlugin:80 - create IPUIPlugin
2026-05-12 00:30:21,009 [INFO] IPUIPlugin:80 - create IPUIPlugin
2026-05-12 00:30:21,009 [INFO] IPUIPlugin:80 - create IPUIPlugin
2026-05-12 00:30:21,009 [INFO] IPUIPlugin:80 - create IPUIPlugin
2026-05-12 00:30:21,009 [INFO] IPUIPlugin:80 - create IPUIPlugin
2026-05-12 00:30:21,009 [INFO] IPUIPlugin:80 - create IPUIPlugin
2026-05-12 00:30:21,009 [INFO] IPUIPlugin:80 - create IPUIPlugin
2026-05-12 00:30:21,010 [INFO] IPUIPlugin:80 - create IPUIPlugin
2026-05-12 00:30:21,010 [INFO] IPUIPlugin:80 - create IPUIPlugin
2026-05-12 00:30:21,010 [INFO] IPUIPlugin:80 - create IPUIPlugin
2026-05-12 00:30:21,010 [INFO] IPUIPlugin:80 - create IPUIPlugin
2026-05-12 00:30:21,010 [INFO] IPUIPlugin:80 - create IPUIPlugin
2026-05-12 00:30:21,010 [INFO] IPUIPlugin:80 - create IPUIPlugin
2026-05-12 00:30:21,011 [INFO] IPUIPlugin:80 - create IPUIPlugin
2026-05-12 00:30:21,011 [INFO] IPUIPlugin:80 - create IPUIPlugin
2026-05-12 00:30:21,011 [INFO] IPUIPlugin:80 - create IPUIPlugin
2026-05-12 00:30:21,011 [INFO] IPUIPlugin:80 - create IPUIPlugin
2026-05-12 00:30:21,011 [INFO] IPUIPlugin:80 - create IPUIPlugin
2026-05-12 00:30:21,012 [INFO] IPUIPlugin:80 - create IPUIPlugin
2026-05-12 00:30:21,012 [INFO] IPUIPlugin:80 - create IPUIPlugin
2026-05-12 00:30:21,012 [INFO] IPUIPlugin:80 - create IPUIPlugin
2026-05-12 00:30:21,012 [INFO] IPUIPlugin:80 - create IPUIPlugin
2026-05-12 00:30:21,012 [INFO] IPUIPlugin:80 - create IPUIPlugin
2026-05-12 00:30:21,013 [INFO] IPUIPlugin:80 - create IPUIPlugin
2026-05-12 00:30:21,013 [INFO] IPUIPlugin:80 - create IPUIPlugin
2026-05-12 00:30:21,013 [INFO] IPUIPlugin:80 - create IPUIPlugin
2026-05-12 00:30:21,013 [INFO] IPUIPlugin:80 - create IPUIPlugin
2026-05-12 00:30:21,013 [INFO] IPUIPlugin:80 - create IPUIPlugin
2026-05-12 00:30:21,013 [INFO] IPUIPlugin:80 - create IPUIPlugin
2026-05-12 00:30:21,014 [INFO] IPUIPlugin:80 - create IPUIPlugin
2026-05-12 00:30:21,014 [INFO] IPUIPlugin:80 - create IPUIPlugin
2026-05-12 00:30:21,014 [INFO] IPUIPlugin:80 - create IPUIPlugin
2026-05-12 00:30:21,016 [INFO] IPUIPlugin:80 - create IPUIPlugin
2026-05-12 00:30:21,016 [INFO] IPUIPlugin:80 - create IPUIPlugin
2026-05-12 00:30:21,016 [INFO] IPUIPlugin:80 - create IPUIPlugin
2026-05-12 00:30:21,016 [INFO] IPUIPlugin:80 - create IPUIPlugin
2026-05-12 00:30:21,016 [INFO] IPUIPlugin:80 - create IPUIPlugin
2026-05-12 00:30:21,016 [INFO] IPUIPlugin:80 - create IPUIPlugin
2026-05-12 00:30:21,018 [INFO] IPUIPlugin:80 - create IPUIPlugin
2026-05-12 00:30:21,018 [INFO] IPUIPlugin:80 - create IPUIPlugin
2026-05-12 00:30:21,018 [INFO] IPUIPlugin:80 - create IPUIPlugin
2026-05-12 00:30:21,019 [INFO] IPUIPlugin:80 - create IPUIPlugin
2026-05-12 00:30:21,019 [INFO] IPUIPlugin:80 - create IPUIPlugin
2026-05-12 00:30:21,019 [INFO] IPUIPlugin:80 - create IPUIPlugin
2026-05-12 00:30:21,020 [INFO] IPUIPlugin:80 - create IPUIPlugin
2026-05-12 00:30:21,020 [INFO] IPUIPlugin:80 - create IPUIPlugin
2026-05-12 00:30:21,021 [INFO] IPUIPlugin:80 - create IPUIPlugin
2026-05-12 00:30:21,021 [INFO] IPUIPlugin:80 - create IPUIPlugin
2026-05-12 00:30:21,022 [INFO] IPUIPlugin:80 - create IPUIPlugin
2026-05-12 00:30:21,022 [INFO] IPUIPlugin:80 - create IPUIPlugin
2026-05-12 00:30:21,022 [INFO] IPUIPlugin:80 - create IPUIPlugin
2026-05-12 00:30:21,022 [INFO] IPUIPlugin:80 - create IPUIPlugin
2026-05-12 00:30:21,023 [INFO] IPUIPlugin:80 - create IPUIPlugin
2026-05-12 00:30:21,023 [INFO] IPUIPlugin:80 - create IPUIPlugin
2026-05-12 00:30:21,023 [INFO] IPUIPlugin:80 - create IPUIPlugin
2026-05-12 00:30:21,024 [INFO] IPUIPlugin:80 - create IPUIPlugin
2026-05-12 00:30:21,025 [INFO] IPUIPlugin:80 - create IPUIPlugin
2026-05-12 00:30:21,025 [INFO] IPUIPlugin:80 - create IPUIPlugin
2026-05-12 00:30:21,026 [INFO] IPUIPlugin:80 - create IPUIPlugin
2026-05-12 00:30:21,027 [INFO] IPUIPlugin:80 - create IPUIPlugin
2026-05-12 00:30:21,027 [INFO] IPUIPlugin:80 - create IPUIPlugin
2026-05-12 00:30:21,028 [INFO] IPUIPlugin:80 - create IPUIPlugin
2026-05-12 00:30:21,028 [INFO] IPUIPlugin:80 - create IPUIPlugin
2026-05-12 00:30:21,028 [INFO] IPUIPlugin:80 - create IPUIPlugin
2026-05-12 00:30:21,028 [INFO] IPUIPlugin:80 - create IPUIPlugin
2026-05-12 00:30:21,028 [INFO] IPUIPlugin:80 - create IPUIPlugin
2026-05-12 00:30:21,029 [INFO] IPUIPlugin:80 - create IPUIPlugin
2026-05-12 00:30:21,030 [INFO] IPUIPlugin:80 - create IPUIPlugin
2026-05-12 00:30:21,030 [INFO] IPUIPlugin:80 - create IPUIPlugin
2026-05-12 00:30:21,031 [INFO] IPUIPlugin:80 - create IPUIPlugin
2026-05-12 00:30:21,031 [INFO] IPUIPlugin:80 - create IPUIPlugin
2026-05-12 00:30:21,031 [INFO] IPUIPlugin:80 - create IPUIPlugin
2026-05-12 00:30:21,033 [INFO] IPUIPlugin:80 - create IPUIPlugin
2026-05-12 00:30:21,033 [INFO] IPUIPlugin:80 - create IPUIPlugin
2026-05-12 00:30:21,034 [INFO] IPUIPlugin:80 - create IPUIPlugin
2026-05-12 00:30:21,034 [INFO] IPUIPlugin:80 - create IPUIPlugin
2026-05-12 00:30:21,040 [INFO] ApiDbMcu:532 - Load IP Config File for PDM2PCM
2026-05-12 00:30:21,044 [WARN] IP:2250 - ClockDivider not found: check if there is a RefParameter without a condition.
2026-05-12 00:30:21,044 [WARN] IP:2250 - ClockDividerCCU not found: check if there is a RefParameter without a condition.
2026-05-12 00:30:21,044 [WARN] IP:2250 - MinOscClkPeriodsCCU not found: check if there is a RefParameter without a condition.
2026-05-12 00:30:21,044 [WARN] IP:2250 - TimeQuantaPerBitTimeCCU not found: check if there is a RefParameter without a condition.
2026-05-12 00:30:21,044 [WARN] IP:2250 - WatchdogStartValueCCU not found: check if there is a RefParameter without a condition.
